// Jest Snapshot v1, https://goo.gl/fbAQLP

exports[`Error Snapshot Testing. Throws error: Invalid input to matcher 1`] = `
"[2mexpect([22m[31mGeometryObject[39m[2m).toBeMultiPolygonWithHole()[22m

Must have a type property with value 'MultiPolygon'.

Received:  [31mfalse[39m"
`;

exports[`Error Snapshot Testing. Throws error: MultiPolygon has no holes, expected at least one 1`] = `
"[2mexpect([22m[31mGeometryObject[39m[2m).toBeMultiPolygonWithHole()[22m

MultiPolygon has no polygons with holes, expected at least one.

Received:  [31m{\\"coordinates\\": [[[[100, 0], [101, 0], [101, 1], [100, 1], [100, 0]]]], \\"type\\": \\"MultiPolygon\\"}[39m"
`;

exports[`Error Snapshot Testing. Throws error: Valid use case passes 1`] = `
"[2mexpect([22m[31mGeometryObject[39m[2m).not.toBeMultiPolygonWithHole()[22m

Expected input to not be a valid GeoJSON MultiPolygon geometry with at least one hole.

Received:  [31m{\\"coordinates\\": [[[[100, 0], [101, 0], [101, 1], [100, 1], [100, 0]], [[100.8, 0.8], [100.8, 0.2], [100.2, 0.2], [100.2, 0.8], [100.8, 0.8]]]], \\"type\\": \\"MultiPolygon\\"}[39m"
`;
